\BOOKMARK [1][-]{section.1}{\376\377\000T\000h\000\364\000n\000g\000\040\000t\000i\000n\000\040\000n\000h\000\363\000m}{}% 1
\BOOKMARK [1][-]{section.2}{\376\377\000T\000h\000\364\000n\000g\000\040\000t\000i\000n\000\040\001\021\036\323\000\040\000\341\000n}{}% 2
\BOOKMARK [2][-]{subsection.2.1}{\376\377\000T\036\325\000n\000g\000\040\000q\000u\000a\000n\000\040\001\021\036\323\000\040\000\341\000n}{section.2}% 3
\BOOKMARK [2][-]{subsection.2.2}{\376\377\000M\036\345\000c\000\040\000t\000i\000\352\000u}{section.2}% 4
\BOOKMARK [2][-]{subsection.2.3}{\376\377\000K\000i\036\277\000n\000\040\000t\000r\000\372\000c\000\040\000h\036\307\000\040\000t\000h\036\321\000n\000g}{section.2}% 5
\BOOKMARK [3][-]{subsubsection.2.3.1}{\376\377\000K\000\352\000n\000h\000\040\001\021\000i\036\301\000u\000\040\000k\000h\000i\036\303\000n\000\040\000\050\000R\000T\000S\000P\000\051}{subsection.2.3}% 6
\BOOKMARK [3][-]{subsubsection.2.3.2}{\376\377\000K\000\352\000n\000h\000\040\000d\036\357\000\040\000l\000i\036\307\000u\000\040\000\050\000R\000T\000P\000\051}{subsection.2.3}% 7
\BOOKMARK [3][-]{subsubsection.2.3.3}{\376\377\000C\000l\000i\000e\000n\000t}{subsection.2.3}% 8
\BOOKMARK [3][-]{subsubsection.2.3.4}{\376\377\000S\000e\000r\000v\000e\000r}{subsection.2.3}% 9
\BOOKMARK [2][-]{subsection.2.4}{\376\377\000Y\000\352\000u\000\040\000c\036\247\000u\000\040\000k\036\371\000\040\000t\000h\000u\036\255\000t}{section.2}% 10
\BOOKMARK [3][-]{subsubsection.2.4.1}{\376\377\000P\000H\036\246\000N\000\040\0001\000:\000\040\000T\000r\000i\036\303\000n\000\040\000k\000h\000a\000i\000\040\000C\000l\000i\000e\000n\000t}{subsection.2.4}% 11
\BOOKMARK [1][-]{section.3}{\376\377\000T\000r\000i\036\303\000n\000\040\000k\000h\000a\000i\000\040\000g\000i\000a\000o\000\040\000t\000h\036\351\000c\000\040\000R\000T\000S\000P\000\040\036\337\000\040\000C\000l\000i\000e\000n\000t\000\040\000v\000\340\000\040\001\021\000\363\000n\000g\000\040\000g\000\363\000i\000\040\000R\000T\000P\000\040\036\337\000\040\000S\000e\000r\000v\000e\000r\000\040\000\050\0004\000\040\001\021\000i\036\303\000m\000\051}{}% 12
\BOOKMARK [2][-]{subsection.3.1}{\376\377\000R\000T\000S\000P\000\040\000P\000r\000o\000t\000o\000c\000o\000l\000\040\000-\000\040\000C\000l\000i\000e\000n\000t\000\040\000S\000i\000d\000e}{section.3}% 13
\BOOKMARK [3][-]{subsubsection.3.1.1}{\376\377\000R\000T\000S\000P\000\040\000S\000t\000a\000t\000e\000\040\000M\000a\000c\000h\000i\000n\000e\000\040\000\046\000\040\000C\000o\000n\000s\000t\000a\000n\000t\000s}{subsection.3.1}% 14
\BOOKMARK [3][-]{subsubsection.3.1.2}{\376\377\000G\036\355\000i\000\040\000R\000T\000S\000P\000\040\000R\000e\000q\000u\000e\000s\000t\000s}{subsection.3.1}% 15
\BOOKMARK [3][-]{subsubsection.3.1.3}{\376\377\000N\000h\036\255\000n\000\040\000R\000T\000S\000P\000\040\000R\000e\000s\000p\000o\000n\000s\000e\000s}{subsection.3.1}% 16
\BOOKMARK [3][-]{subsubsection.3.1.4}{\376\377\000K\036\277\000t\000\040\000n\036\321\000i\000\040\000R\000T\000S\000P\000\040\000\046\000\040\000R\000T\000P}{subsection.3.1}% 17
\BOOKMARK [2][-]{subsection.3.2}{\376\377\000R\000T\000P\000\040\000E\000n\000c\000o\000d\000i\000n\000g\000\040\000-\000\040\000S\000e\000r\000v\000e\000r\000\040\000S\000i\000d\000e}{section.3}% 18
\BOOKMARK [3][-]{subsubsection.3.2.1}{\376\377\000R\000T\000P\000\040\000H\000e\000a\000d\000e\000r\000\040\000S\000t\000r\000u\000c\000t\000u\000r\000e}{subsection.3.2}% 19
\BOOKMARK [3][-]{subsubsection.3.2.2}{\376\377\000F\000i\000e\000l\000d\000\040\000D\000e\000f\000i\000n\000i\000t\000i\000o\000n\000s}{subsection.3.2}% 20
\BOOKMARK [3][-]{subsubsection.3.2.3}{\376\377\000D\000e\000c\000o\000d\000e\000\040\000R\000T\000P\000\040\000P\000a\000c\000k\000e\000t\000s}{subsection.3.2}% 21
\BOOKMARK [3][-]{subsubsection.3.2.4}{\376\377\000T\036\241\000o\000\040\000R\000T\000P\000\040\000P\000a\000c\000k\000e\000t\000s\000\040\000\050\000C\001\241\000\040\000b\036\243\000n\000\051}{subsection.3.2}% 22
\BOOKMARK [3][-]{subsubsection.3.2.5}{\376\377\000G\036\355\000i\000\040\000R\000T\000P\000\040\000P\000a\000c\000k\000e\000t\000s\000\040\000\050\000C\001\241\000\040\000b\036\243\000n\000\051}{subsection.3.2}% 23
\BOOKMARK [3][-]{subsubsection.3.2.6}{\376\377\000X\036\355\000\040\000l\000\375\000\040\000R\000T\000S\000P\000\040\000R\000e\000q\000u\000e\000s\000t\000s}{subsection.3.2}% 24
\BOOKMARK [2][-]{subsection.3.3}{\376\377\000T\000\363\000m\000\040\000t\036\257\000t\000\040\000t\000r\000i\036\303\000n\000\040\000k\000h\000a\000i\000\040\000R\000T\000S\000P\000/\000R\000T\000P\000\040\000c\001\241\000\040\000b\036\243\000n}{section.3}% 25
\BOOKMARK [3][-]{subsubsection.3.3.1}{\376\377\000R\000T\000S\000P\000\040\000C\000l\000i\000e\000n\000t}{subsection.3.3}% 26
\BOOKMARK [3][-]{subsubsection.3.3.2}{\376\377\000R\000T\000P\000\040\000S\000e\000r\000v\000e\000r}{subsection.3.3}% 27
\BOOKMARK [1][-]{section.4}{\376\377\000H\000D\000\040\000V\000i\000d\000e\000o\000\040\000S\000t\000r\000e\000a\000m\000i\000n\000g\000\040\000v\000\340\000\040\000F\000r\000a\000m\000e\000\040\000F\000r\000a\000g\000m\000e\000n\000t\000a\000t\000i\000o\000n\000\040\000\050\0003\000\040\001\021\000i\036\303\000m\000\051}{}% 28
\BOOKMARK [2][-]{subsection.4.1}{\376\377\000V\036\245\000n\000\040\001\021\036\301\000\040\000v\036\333\000i\000\040\000U\000D\000P\000\040\000M\000T\000U}{section.4}% 29
\BOOKMARK [2][-]{subsection.4.2}{\376\377\000F\000r\000a\000m\000e\000\040\000F\000r\000a\000g\000m\000e\000n\000t\000a\000t\000i\000o\000n\000\040\000S\000t\000r\000a\000t\000e\000g\000y}{section.4}% 30
\BOOKMARK [3][-]{subsubsection.4.2.1}{\376\377\000T\000h\000i\036\277\000t\000\040\000k\036\277\000\040\000g\000i\036\243\000i\000\040\000p\000h\000\341\000p}{subsection.4.2}% 31
\BOOKMARK [3][-]{subsubsection.4.2.2}{\376\377\000M\000a\000r\000k\000e\000r\000\040\000B\000i\000t\000\040\000U\000s\000a\000g\000e}{subsection.4.2}% 32
\BOOKMARK [2][-]{subsection.4.3}{\376\377\000S\000e\000r\000v\000e\000r\000-\000S\000i\000d\000e\000\040\000F\000r\000a\000g\000m\000e\000n\000t\000a\000t\000i\000o\000n}{section.4}% 33
\BOOKMARK [3][-]{subsubsection.4.3.1}{\376\377\000m\000a\000k\000e\000R\000t\000p\000\050\000\051\000\040\000-\000\040\000H\000D\000\040\000V\000e\000r\000s\000i\000o\000n}{subsection.4.3}% 34
\BOOKMARK [3][-]{subsubsection.4.3.2}{\376\377\000s\000e\000n\000d\000R\000t\000p\000\050\000\051\000\040\000-\000\040\000H\000D\000\040\000V\000e\000r\000s\000i\000o\000n}{subsection.4.3}% 35
\BOOKMARK [2][-]{subsection.4.4}{\376\377\000C\000l\000i\000e\000n\000t\000-\000S\000i\000d\000e\000\040\000R\000e\000a\000s\000s\000e\000m\000b\000l\000y}{section.4}% 36
\BOOKMARK [3][-]{subsubsection.4.4.1}{\376\377\000l\000i\000s\000t\000e\000n\000R\000t\000p\000\050\000\051\000\040\000-\000\040\000H\000D\000\040\000V\000e\000r\000s\000i\000o\000n}{subsection.4.4}% 37
\BOOKMARK [3][-]{subsubsection.4.4.2}{\376\377\000X\036\355\000\040\000l\000\375\000\040\000p\000a\000c\000k\000e\000t\000\040\000l\000o\000s\000s}{subsection.4.4}% 38
\BOOKMARK [2][-]{subsection.4.5}{\376\377\000V\000\355\000\040\000d\036\345\000\040\000F\000r\000a\000m\000e\000\040\000F\000r\000a\000g\000m\000e\000n\000t\000a\000t\000i\000o\000n}{section.4}% 39
\BOOKMARK [2][-]{subsection.4.6}{\376\377\000P\000e\000r\000f\000o\000r\000m\000a\000n\000c\000e\000\040\000M\000e\000t\000r\000i\000c\000s}{section.4}% 40
\BOOKMARK [3][-]{subsubsection.4.6.1}{\376\377\000B\000a\000n\000d\000w\000i\000d\000t\000h\000\040\000C\000a\000l\000c\000u\000l\000a\000t\000i\000o\000n}{subsection.4.6}% 41
\BOOKMARK [2][-]{subsection.4.7}{\376\377\000S\000o\000\040\000s\000\341\000n\000h\000\040\000t\000r\000i\036\303\000n\000\040\000k\000h\000a\000i\000\040\000B\000a\000s\000i\000c\000\040\000v\000s\000\040\000H\000D}{section.4}% 42
\BOOKMARK [2][-]{subsection.4.8}{\376\377\000T\000\363\000m\000\040\000t\036\257\000t\000\040\000H\000D\000\040\000V\000i\000d\000e\000o\000\040\000S\000t\000r\000e\000a\000m\000i\000n\000g}{section.4}% 43
\BOOKMARK [3][-]{subsubsection.4.8.1}{\376\377\000S\000e\000r\000v\000e\000r\000-\000s\000i\000d\000e}{subsection.4.8}% 44
\BOOKMARK [3][-]{subsubsection.4.8.2}{\376\377\000C\000l\000i\000e\000n\000t\000-\000s\000i\000d\000e}{subsection.4.8}% 45
\BOOKMARK [1][-]{section.5}{\376\377\000C\000l\000i\000e\000n\000t\000-\000S\000i\000d\000e\000\040\000B\000u\000f\000f\000e\000r\000\040\000v\000\340\000\040\000P\000r\000e\000-\000B\000u\000f\000f\000e\000r\000i\000n\000g\000\040\000\050\0002\000.\0005\000\040\001\021\000i\036\303\000m\000\051}{}% 46
\BOOKMARK [2][-]{subsection.5.1}{\376\377\000V\036\245\000n\000\040\001\021\036\301\000\040\000J\000i\000t\000t\000e\000r\000\040\000v\000\340\000\040\000N\000e\000t\000w\000o\000r\000k\000\040\000V\000a\000r\000i\000a\000t\000i\000o\000n}{section.5}% 47
\BOOKMARK [3][-]{subsubsection.5.1.1}{\376\377\000N\000e\000t\000w\000o\000r\000k\000\040\000J\000i\000t\000t\000e\000r}{subsection.5.1}% 48
\BOOKMARK [3][-]{subsubsection.5.1.2}{\376\377\000B\000u\000f\000f\000e\000r\000\040\000S\000o\000l\000u\000t\000i\000o\000n}{subsection.5.1}% 49
\BOOKMARK [2][-]{subsection.5.2}{\376\377\000B\000u\000f\000f\000e\000r\000\040\000A\000r\000c\000h\000i\000t\000e\000c\000t\000u\000r\000e}{section.5}% 50
\BOOKMARK [3][-]{subsubsection.5.2.1}{\376\377\000D\000u\000a\000l\000\040\000Q\000u\000e\000u\000e\000\040\000D\000e\000s\000i\000g\000n}{subsection.5.2}% 51
\BOOKMARK [3][-]{subsubsection.5.2.2}{\376\377\000B\000u\000f\000f\000e\000r\000\040\000S\000t\000a\000t\000e\000s}{subsection.5.2}% 52
\BOOKMARK [2][-]{subsection.5.3}{\376\377\000R\000e\000c\000e\000p\000t\000i\000o\000n\000\040\000T\000h\000r\000e\000a\000d}{section.5}% 53
\BOOKMARK [3][-]{subsubsection.5.3.1}{\376\377\000l\000i\000s\000t\000e\000n\000R\000t\000p\000\050\000\051\000\040\000v\036\333\000i\000\040\000B\000u\000f\000f\000e\000r}{subsection.5.3}% 54
\BOOKMARK [2][-]{subsection.5.4}{\376\377\000P\000l\000a\000y\000b\000a\000c\000k\000\040\000T\000h\000r\000e\000a\000d}{section.5}% 55
\BOOKMARK [3][-]{subsubsection.5.4.1}{\376\377\000p\000l\000a\000y\000b\000a\000c\000k\000L\000o\000o\000p\000\050\000\051}{subsection.5.4}% 56
\BOOKMARK [3][-]{subsubsection.5.4.2}{\376\377\000B\000u\000f\000f\000e\000r\000\040\000U\000n\000d\000e\000r\000r\000u\000n\000\040\000H\000a\000n\000d\000l\000i\000n\000g}{subsection.5.4}% 57
\BOOKMARK [2][-]{subsection.5.5}{\376\377\000G\000U\000I\000\040\000I\000n\000t\000e\000g\000r\000a\000t\000i\000o\000n}{section.5}% 58
\BOOKMARK [3][-]{subsubsection.5.5.1}{\376\377\000B\000u\000f\000f\000e\000r\000\040\000S\000t\000a\000t\000u\000s\000\040\000D\000i\000s\000p\000l\000a\000y}{subsection.5.5}% 59
\BOOKMARK [2][-]{subsection.5.6}{\376\377\000P\000l\000a\000y\000b\000a\000c\000k\000\040\000C\000o\000n\000t\000r\000o\000l}{section.5}% 60
\BOOKMARK [3][-]{subsubsection.5.6.1}{\376\377\000S\000t\000a\000r\000t\000/\000S\000t\000o\000p\000\040\000P\000l\000a\000y\000b\000a\000c\000k}{subsection.5.6}% 61
\BOOKMARK [3][-]{subsubsection.5.6.2}{\376\377\000I\000n\000t\000e\000g\000r\000a\000t\000i\000o\000n\000\040\000v\036\333\000i\000\040\000R\000T\000S\000P\000\040\000C\000o\000n\000t\000r\000o\000l\000s}{subsection.5.6}% 62
\BOOKMARK [2][-]{subsection.5.7}{\376\377\000A\000d\000v\000a\000n\000c\000e\000d\000\040\000B\000u\000f\000f\000e\000r\000\040\000S\000t\000r\000a\000t\000e\000g\000i\000e\000s}{section.5}% 63
\BOOKMARK [3][-]{subsubsection.5.7.1}{\376\377\000A\000d\000a\000p\000t\000i\000v\000e\000\040\000B\000u\000f\000f\000e\000r\000\040\000T\000h\000r\000e\000s\000h\000o\000l\000d}{subsection.5.7}% 64
\BOOKMARK [2][-]{subsection.5.8}{\376\377\000P\000e\000r\000f\000o\000r\000m\000a\000n\000c\000e\000\040\000C\000o\000m\000p\000a\000r\000i\000s\000o\000n}{section.5}% 65
\BOOKMARK [2][-]{subsection.5.9}{\376\377\000B\000u\000f\000f\000e\000r\000\040\000M\000o\000n\000i\000t\000o\000r\000i\000n\000g}{section.5}% 66
\BOOKMARK [3][-]{subsubsection.5.9.1}{\376\377\000R\000e\000a\000l\000-\000t\000i\000m\000e\000\040\000S\000t\000a\000t\000i\000s\000t\000i\000c\000s}{subsection.5.9}% 67
\BOOKMARK [2][-]{subsection.5.10}{\376\377\000T\000\363\000m\000\040\000t\036\257\000t\000\040\000C\000l\000i\000e\000n\000t\000-\000S\000i\000d\000e\000\040\000B\000u\000f\000f\000e\000r}{section.5}% 68
\BOOKMARK [3][-]{subsubsection.5.10.1}{\376\377\000C\000o\000m\000p\000o\000n\000e\000n\000t\000s}{subsection.5.10}% 69
\BOOKMARK [3][-]{subsubsection.5.10.2}{\376\377\000B\000e\000n\000e\000f\000i\000t\000s}{subsection.5.10}% 70
\BOOKMARK [3][-]{subsubsection.5.10.3}{\376\377\000T\000r\000a\000d\000e\000o\000f\000f\000s}{subsection.5.10}% 71
\BOOKMARK [1][-]{section.6}{\376\377\000K\036\277\000t\000\040\000l\000u\036\255\000n}{}% 72
\BOOKMARK [2][-]{subsection.6.1}{\376\377\000T\036\325\000n\000g\000\040\000k\036\277\000t\000\040\000k\036\277\000t\000\040\000q\000u\036\243}{section.6}% 73
\BOOKMARK [2][-]{subsection.6.2}{\376\377\000T\000h\000\341\000c\000h\000\040\000t\000h\036\351\000c\000\040\000v\000\340\000\040\000g\000i\036\243\000i\000\040\000p\000h\000\341\000p}{section.6}% 74
\BOOKMARK [3][-]{subsubsection.6.2.1}{\376\377\000U\000D\000P\000\040\000M\000T\000U\000\040\000L\000i\000m\000i\000t\000a\000t\000i\000o\000n}{subsection.6.2}% 75
\BOOKMARK [3][-]{subsubsection.6.2.2}{\376\377\000N\000e\000t\000w\000o\000r\000k\000\040\000J\000i\000t\000t\000e\000r}{subsection.6.2}% 76
\BOOKMARK [3][-]{subsubsection.6.2.3}{\376\377\000P\000a\000c\000k\000e\000t\000\040\000L\000o\000s\000s}{subsection.6.2}% 77
\BOOKMARK [2][-]{subsection.6.3}{\376\377\000K\036\277\000t\000\040\000q\000u\036\243\000\040\001\021\036\241\000t\000\040\001\021\001\260\036\343\000c}{section.6}% 78
\BOOKMARK [3][-]{subsubsection.6.3.1}{\376\377\000T\000e\000c\000h\000n\000i\000c\000a\000l\000\040\000M\000e\000t\000r\000i\000c\000s}{subsection.6.3}% 79
\BOOKMARK [3][-]{subsubsection.6.3.2}{\376\377\000U\000s\000e\000r\000\040\000E\000x\000p\000e\000r\000i\000e\000n\000c\000e}{subsection.6.3}% 80
\BOOKMARK [2][-]{subsection.6.4}{\376\377\000H\001\260\036\333\000n\000g\000\040\000p\000h\000\341\000t\000\040\000t\000r\000i\036\303\000n}{section.6}% 81
\BOOKMARK [3][-]{subsubsection.6.4.1}{\376\377\000S\000h\000o\000r\000t\000-\000t\000e\000r\000m\000\040\000I\000m\000p\000r\000o\000v\000e\000m\000e\000n\000t\000s}{subsection.6.4}% 82
\BOOKMARK [3][-]{subsubsection.6.4.2}{\376\377\000L\000o\000n\000g\000-\000t\000e\000r\000m\000\040\000E\000n\000h\000a\000n\000c\000e\000m\000e\000n\000t\000s}{subsection.6.4}% 83
\BOOKMARK [2][-]{subsection.6.5}{\376\377\000B\000\340\000i\000\040\000h\036\315\000c\000\040\000k\000i\000n\000h\000\040\000n\000g\000h\000i\036\307\000m}{section.6}% 84
\BOOKMARK [3][-]{subsubsection.6.5.1}{\376\377\000N\000e\000t\000w\000o\000r\000k\000\040\000P\000r\000o\000g\000r\000a\000m\000m\000i\000n\000g}{subsection.6.5}% 85
\BOOKMARK [3][-]{subsubsection.6.5.2}{\376\377\000P\000r\000o\000t\000o\000c\000o\000l\000\040\000D\000e\000s\000i\000g\000n}{subsection.6.5}% 86
\BOOKMARK [3][-]{subsubsection.6.5.3}{\376\377\000P\000e\000r\000f\000o\000r\000m\000a\000n\000c\000e\000\040\000O\000p\000t\000i\000m\000i\000z\000a\000t\000i\000o\000n}{subsection.6.5}% 87
\BOOKMARK [2][-]{subsection.6.6}{\376\377\000K\036\277\000t\000\040\000l\000u\036\255\000n}{section.6}% 88
